// Vitest Snapshot v1

exports[`Testing ABtn > can mount component 1`] = `
"<button tabindex=\\"0\\" style=\\"--a-title-c: 0, 0%, 100%; --a-subtitle-c: 0, 0%, 100%; --a-layer-c: var(--a-primary); --a-loader-overlay-bg-c: var(--a-layer-c); --a-spacing: 1;\\" class=\\"whitespace-nowrap inline-flex justify-center items-center relative a-btn states a-title-opacity-100 a-subtitle-opacity-100 [--a-layer-opacity:1] text-white [--a-loader-overlay-bg-opacity:1]\\">
  <!--v-if-->Click me
  <!--v-if-->
</button>"
`;

exports[`Testing ABtn > has proper classes 1`] = `
[
  "whitespace-nowrap",
  "inline-flex",
  "justify-center",
  "items-center",
  "relative",
  "a-btn",
  "states",
  "a-title-opacity-100",
  "a-subtitle-opacity-100",
  "[--a-layer-opacity:1]",
  "text-white",
  "[--a-loader-overlay-bg-opacity:1]",
]
`;
